// Jest Snapshot v1, https://goo.gl/fbAQLP

exports[`Footer Make snapshot of Footer 1`] = `
<DocumentFragment>
  <div
    class="footer"
  >
    <a>
      Policy |
    </a>
     
    <a>
      About project |
    </a>
     
    <span>
      ©2020Lviv, Ukraine
    </span>
  </div>
</DocumentFragment>
`;
